/mnt/Windows/Users/manud/VSCodeProjects/SolarSystemSimulation/solarsystem/builder.py:121: UserWarning: MEGNO variational particles require the standard kernel and run ~30x faster without a symplectic corrector (the MEGNO value is unchanged); forcing kernel='default', corrector=0 for this run.
  _configure_integrator(ctx)
[lyapunov-MEGNO] 8 planets + GR(gr_potential), dt=4.0 d, 8 trajectories, target 25 Myr (chunk 0.25 Myr)
/mnt/Windows/Users/manud/VSCodeProjects/SolarSystemSimulation/.venv/lib/python3.14/site-packages/rebound/simulation.py:259: RuntimeWarning: REBOUNDx: Variational particles have been added to the simulation but are not implemented in REBOUNDx and will not be evolved self-consistently.
  warnings.warn(msg[1:], RuntimeWarning)
  t=  0.25 Myr | <Y>= 1.72±0.12 | T_lyap(run)=  1.60 Myr | T_lyap(slope)=   nan Myr |  8.8 Myr/hr
  t=  0.50 Myr | <Y>= 1.76±0.10 | T_lyap(run)=  8.07 Myr | T_lyap(slope)=   nan Myr |  8.6 Myr/hr
  t=  0.75 Myr | <Y>= 1.77±0.09 | T_lyap(run)= 34.31 Myr | T_lyap(slope)=   nan Myr |  8.6 Myr/hr
  t=  1.00 Myr | <Y>= 1.78±0.09 | T_lyap(run)=  8.96 Myr | T_lyap(slope)=   nan Myr |  8.6 Myr/hr
  t=  1.25 Myr | <Y>= 1.80±0.09 | T_lyap(run)= 21.57 Myr | T_lyap(slope)=   nan Myr |  8.7 Myr/hr
  t=  1.50 Myr | <Y>= 1.81±0.08 | T_lyap(run)= 16.08 Myr | T_lyap(slope)=   nan Myr |  8.7 Myr/hr
  t=  1.75 Myr | <Y>= 1.82±0.08 | T_lyap(run)= 15.62 Myr | T_lyap(slope)=   nan Myr |  8.7 Myr/hr
  t=  2.00 Myr | <Y>= 1.83±0.08 | T_lyap(run)= 16.00 Myr | T_lyap(slope)= 10.01 Myr |  8.8 Myr/hr
  t=  2.25 Myr | <Y>= 1.84±0.07 | T_lyap(run)= 68.97 Myr | T_lyap(slope)= 10.78 Myr |  8.8 Myr/hr
  t=  2.50 Myr | <Y>= 1.85±0.07 | T_lyap(run)= 29.78 Myr | T_lyap(slope)= 12.43 Myr |  8.8 Myr/hr
  t=  2.75 Myr | <Y>= 1.86±0.07 | T_lyap(run)= 25.38 Myr | T_lyap(slope)= 13.15 Myr |  8.8 Myr/hr
  t=  3.00 Myr | <Y>= 1.87±0.06 | T_lyap(run)= 24.33 Myr | T_lyap(slope)= 14.98 Myr |  8.8 Myr/hr
  t=  3.25 Myr | <Y>= 1.87±0.06 | T_lyap(run)= 24.37 Myr | T_lyap(slope)= 15.78 Myr |  8.8 Myr/hr
  t=  3.50 Myr | <Y>= 1.88±0.06 | T_lyap(run)= 24.91 Myr | T_lyap(slope)= 17.64 Myr |  8.8 Myr/hr
  t=  3.75 Myr | <Y>= 1.88±0.06 | T_lyap(run)= 25.71 Myr | T_lyap(slope)= 18.51 Myr |  8.8 Myr/hr
  t=  4.00 Myr | <Y>= 1.89±0.06 | T_lyap(run)= 26.67 Myr | T_lyap(slope)= 20.51 Myr |  8.8 Myr/hr
  t=  4.25 Myr | <Y>= 1.89±0.05 | T_lyap(run)= 27.76 Myr | T_lyap(slope)= 21.46 Myr |  8.8 Myr/hr
  t=  4.50 Myr | <Y>= 1.89±0.05 | T_lyap(run)= 28.95 Myr | T_lyap(slope)= 23.74 Myr |  8.8 Myr/hr
  t=  4.75 Myr | <Y>= 1.90±0.05 | T_lyap(run)= 30.21 Myr | T_lyap(slope)= 24.75 Myr |  8.8 Myr/hr
  t=  5.00 Myr | <Y>= 1.90±0.05 | T_lyap(run)= 31.53 Myr | T_lyap(slope)= 27.18 Myr |  8.8 Myr/hr
  t=  5.25 Myr | <Y>= 1.90±0.05 | T_lyap(run)= 32.90 Myr | T_lyap(slope)= 28.24 Myr |  8.8 Myr/hr
  t=  5.50 Myr | <Y>= 1.91±0.05 | T_lyap(run)= 34.32 Myr | T_lyap(slope)= 30.79 Myr |  8.8 Myr/hr
  t=  5.75 Myr | <Y>= 1.91±0.05 | T_lyap(run)= 35.79 Myr | T_lyap(slope)= 31.91 Myr |  8.8 Myr/hr
  t=  6.00 Myr | <Y>= 1.91±0.04 | T_lyap(run)= 37.29 Myr | T_lyap(slope)= 34.56 Myr |  8.8 Myr/hr
  t=  6.25 Myr | <Y>= 1.91±0.04 | T_lyap(run)= 38.82 Myr | T_lyap(slope)= 35.74 Myr |  8.8 Myr/hr
  t=  6.50 Myr | <Y>= 1.92±0.04 | T_lyap(run)= 40.39 Myr | T_lyap(slope)= 38.57 Myr |  8.8 Myr/hr
  t=  6.75 Myr | <Y>= 1.92±0.04 | T_lyap(run)= 41.99 Myr | T_lyap(slope)= 39.81 Myr |  8.8 Myr/hr
  t=  7.00 Myr | <Y>= 1.92±0.04 | T_lyap(run)= 43.62 Myr | T_lyap(slope)= 42.80 Myr |  8.8 Myr/hr
  t=  7.25 Myr | <Y>= 1.92±0.04 | T_lyap(run)= 45.28 Myr | T_lyap(slope)= 44.08 Myr |  8.8 Myr/hr
  t=  7.50 Myr | <Y>= 1.92±0.04 | T_lyap(run)= 46.97 Myr | T_lyap(slope)= 47.18 Myr |  8.8 Myr/hr
  t=  7.75 Myr | <Y>= 1.93±0.04 | T_lyap(run)= 48.69 Myr | T_lyap(slope)= 48.52 Myr |  8.8 Myr/hr
  t=  8.00 Myr | <Y>= 1.93±0.04 | T_lyap(run)= 50.43 Myr | T_lyap(slope)= 51.74 Myr |  8.8 Myr/hr
  t=  8.25 Myr | <Y>= 1.93±0.04 | T_lyap(run)= 52.19 Myr | T_lyap(slope)= 53.12 Myr |  8.8 Myr/hr
  t=  8.50 Myr | <Y>= 1.93±0.04 | T_lyap(run)= 53.98 Myr | T_lyap(slope)= 56.47 Myr |  8.8 Myr/hr
  t=  8.75 Myr | <Y>= 1.93±0.04 | T_lyap(run)= 55.79 Myr | T_lyap(slope)= 57.91 Myr |  8.8 Myr/hr
  t=  9.00 Myr | <Y>= 1.93±0.03 | T_lyap(run)= 57.63 Myr | T_lyap(slope)= 61.40 Myr |  8.8 Myr/hr
  t=  9.25 Myr | <Y>= 1.93±0.03 | T_lyap(run)= 59.48 Myr | T_lyap(slope)= 62.86 Myr |  8.8 Myr/hr
  t=  9.50 Myr | <Y>= 1.94±0.03 | T_lyap(run)= 61.35 Myr | T_lyap(slope)= 66.40 Myr |  8.8 Myr/hr
  t=  9.75 Myr | <Y>= 1.94±0.03 | T_lyap(run)= 63.24 Myr | T_lyap(slope)= 67.85 Myr |  8.8 Myr/hr
  t= 10.00 Myr | <Y>= 1.94±0.03 | T_lyap(run)= 65.14 Myr | T_lyap(slope)= 71.35 Myr |  8.8 Myr/hr
  t= 10.25 Myr | <Y>= 1.94±0.03 | T_lyap(run)= 67.02 Myr | T_lyap(slope)= 72.56 Myr |  8.8 Myr/hr
  t= 10.50 Myr | <Y>= 1.94±0.03 | T_lyap(run)= 68.88 Myr | T_lyap(slope)= 75.74 Myr |  8.8 Myr/hr
  t= 10.75 Myr | <Y>= 1.94±0.03 | T_lyap(run)= 70.70 Myr | T_lyap(slope)= 76.59 Myr |  8.8 Myr/hr
  t= 11.00 Myr | <Y>= 1.94±0.03 | T_lyap(run)= 72.44 Myr | T_lyap(slope)= 78.91 Myr |  8.8 Myr/hr
  t= 11.25 Myr | <Y>= 1.95±0.03 | T_lyap(run)= 74.06 Myr | T_lyap(slope)= 78.88 Myr |  8.8 Myr/hr
  t= 11.50 Myr | <Y>= 1.95±0.03 | T_lyap(run)= 75.52 Myr | T_lyap(slope)= 79.46 Myr |  8.8 Myr/hr
  t= 11.75 Myr | <Y>= 1.95±0.03 | T_lyap(run)= 76.65 Myr | T_lyap(slope)= 77.13 Myr |  8.8 Myr/hr
  t= 12.00 Myr | <Y>= 1.96±0.03 | T_lyap(run)= 77.32 Myr | T_lyap(slope)= 73.55 Myr |  8.8 Myr/hr
  t= 12.25 Myr | <Y>= 1.97±0.03 | T_lyap(run)= 77.35 Myr | T_lyap(slope)= 67.80 Myr |  8.8 Myr/hr
  t= 12.50 Myr | <Y>= 1.98±0.04 | T_lyap(run)= 76.89 Myr | T_lyap(slope)= 61.20 Myr |  8.8 Myr/hr
  t= 12.75 Myr | <Y>= 2.00±0.04 | T_lyap(run)= 75.90 Myr | T_lyap(slope)= 54.15 Myr |  8.8 Myr/hr
  t= 13.00 Myr | <Y>= 2.02±0.06 | T_lyap(run)= 74.03 Myr | T_lyap(slope)= 44.98 Myr |  8.8 Myr/hr
  t= 13.25 Myr | <Y>= 2.05±0.07 | T_lyap(run)= 71.48 Myr | T_lyap(slope)= 37.98 Myr |  8.8 Myr/hr
  t= 13.50 Myr | <Y>= 2.08±0.09 | T_lyap(run)= 68.63 Myr | T_lyap(slope)= 30.85 Myr |  8.8 Myr/hr
  t= 13.75 Myr | <Y>= 2.12±0.11 | T_lyap(run)= 65.42 Myr | T_lyap(slope)= 25.87 Myr |  8.8 Myr/hr
  t= 14.00 Myr | <Y>= 2.16±0.13 | T_lyap(run)= 61.95 Myr | T_lyap(slope)= 20.86 Myr |  8.8 Myr/hr
  t= 14.25 Myr | <Y>= 2.20±0.15 | T_lyap(run)= 58.53 Myr | T_lyap(slope)= 17.87 Myr |  8.8 Myr/hr
  t= 14.50 Myr | <Y>= 2.25±0.17 | T_lyap(run)= 55.30 Myr | T_lyap(slope)= 14.79 Myr |  8.8 Myr/hr
  t= 14.75 Myr | <Y>= 2.30±0.19 | T_lyap(run)= 52.20 Myr | T_lyap(slope)= 12.94 Myr |  8.8 Myr/hr
  t= 15.00 Myr | <Y>= 2.37±0.22 | T_lyap(run)= 49.18 Myr | T_lyap(slope)= 10.85 Myr |  8.8 Myr/hr
  t= 15.25 Myr | <Y>= 2.43±0.25 | T_lyap(run)= 46.33 Myr | T_lyap(slope)=  9.66 Myr |  8.8 Myr/hr
  t= 15.50 Myr | <Y>= 2.49±0.27 | T_lyap(run)= 43.74 Myr | T_lyap(slope)=  8.27 Myr |  8.8 Myr/hr
  t= 15.75 Myr | <Y>= 2.57±0.31 | T_lyap(run)= 41.30 Myr | T_lyap(slope)=  7.46 Myr |  8.8 Myr/hr
  t= 16.00 Myr | <Y>= 2.66±0.34 | T_lyap(run)= 38.99 Myr | T_lyap(slope)=  6.45 Myr |  8.8 Myr/hr
  t= 16.25 Myr | <Y>= 2.75±0.37 | T_lyap(run)= 36.88 Myr | T_lyap(slope)=  5.89 Myr |  8.8 Myr/hr
  t= 16.50 Myr | <Y>= 2.84±0.41 | T_lyap(run)= 34.98 Myr | T_lyap(slope)=  5.17 Myr |  8.8 Myr/hr
  t= 16.75 Myr | <Y>= 2.95±0.45 | T_lyap(run)= 33.25 Myr | T_lyap(slope)=  4.77 Myr |  8.8 Myr/hr
  t= 17.00 Myr | <Y>= 3.06±0.49 | T_lyap(run)= 31.69 Myr | T_lyap(slope)=  4.23 Myr |  8.8 Myr/hr
  t= 17.25 Myr | <Y>= 3.17±0.53 | T_lyap(run)= 30.29 Myr | T_lyap(slope)=  3.94 Myr |  8.8 Myr/hr
  t= 17.50 Myr | <Y>= 3.29±0.57 | T_lyap(run)= 29.01 Myr | T_lyap(slope)=  3.53 Myr |  8.8 Myr/hr
  t= 17.75 Myr | <Y>= 3.43±0.61 | T_lyap(run)= 27.80 Myr | T_lyap(slope)=  3.30 Myr |  8.8 Myr/hr
  t= 18.00 Myr | <Y>= 3.57±0.65 | T_lyap(run)= 26.58 Myr | T_lyap(slope)=  2.98 Myr |  8.9 Myr/hr
  t= 18.25 Myr | <Y>= 3.72±0.69 | T_lyap(run)= 25.30 Myr | T_lyap(slope)=  2.81 Myr |  8.9 Myr/hr
  t= 18.50 Myr | <Y>= 3.88±0.73 | T_lyap(run)= 23.92 Myr | T_lyap(slope)=  2.55 Myr |  8.8 Myr/hr
  t= 18.75 Myr | <Y>= 4.04±0.77 | T_lyap(run)= 22.44 Myr | T_lyap(slope)=  2.41 Myr |  8.8 Myr/hr
  t= 19.00 Myr | <Y>= 4.22±0.81 | T_lyap(run)= 20.90 Myr | T_lyap(slope)=  2.21 Myr |  8.8 Myr/hr
  t= 19.25 Myr | <Y>= 4.40±0.84 | T_lyap(run)= 19.34 Myr | T_lyap(slope)=  2.10 Myr |  8.8 Myr/hr
  t= 19.50 Myr | <Y>= 4.59±0.88 | T_lyap(run)= 17.80 Myr | T_lyap(slope)=  1.93 Myr |  8.8 Myr/hr
  t= 19.75 Myr | <Y>= 4.77±0.91 | T_lyap(run)= 16.35 Myr | T_lyap(slope)=  1.84 Myr |  8.8 Myr/hr
  t= 20.00 Myr | <Y>= 4.96±0.94 | T_lyap(run)= 15.01 Myr | T_lyap(slope)=  1.71 Myr |  8.8 Myr/hr
  t= 20.25 Myr | <Y>= 5.16±0.97 | T_lyap(run)= 13.79 Myr | T_lyap(slope)=  1.64 Myr |  8.9 Myr/hr
  t= 20.50 Myr | <Y>= 5.36±1.00 | T_lyap(run)= 12.69 Myr | T_lyap(slope)=  1.53 Myr |  8.9 Myr/hr
  t= 20.75 Myr | <Y>= 5.55±1.02 | T_lyap(run)= 11.71 Myr | T_lyap(slope)=  1.47 Myr |  8.9 Myr/hr
  t= 21.00 Myr | <Y>= 5.75±1.05 | T_lyap(run)= 10.85 Myr | T_lyap(slope)=  1.38 Myr |  8.9 Myr/hr
  t= 21.25 Myr | <Y>= 5.96±1.07 | T_lyap(run)= 10.08 Myr | T_lyap(slope)=  1.34 Myr |  8.9 Myr/hr
  t= 21.50 Myr | <Y>= 6.16±1.10 | T_lyap(run)=  9.39 Myr | T_lyap(slope)=  1.26 Myr |  8.9 Myr/hr
  t= 21.75 Myr | <Y>= 6.35±1.12 | T_lyap(run)=  8.79 Myr | T_lyap(slope)=  1.23 Myr |  8.8 Myr/hr
  t= 22.00 Myr | <Y>= 6.55±1.14 | T_lyap(run)=  8.25 Myr | T_lyap(slope)=  1.16 Myr |  8.9 Myr/hr
  t= 22.25 Myr | <Y>= 6.75±1.17 | T_lyap(run)=  7.78 Myr | T_lyap(slope)=  1.13 Myr |  8.9 Myr/hr
  t= 22.50 Myr | <Y>= 6.95±1.19 | T_lyap(run)=  7.35 Myr | T_lyap(slope)=  1.08 Myr |  8.8 Myr/hr
  t= 22.75 Myr | <Y>= 7.13±1.21 | T_lyap(run)=  6.97 Myr | T_lyap(slope)=  1.06 Myr |  8.9 Myr/hr
  t= 23.00 Myr | <Y>= 7.33±1.22 | T_lyap(run)=  6.63 Myr | T_lyap(slope)=  1.01 Myr |  8.8 Myr/hr
  t= 23.25 Myr | <Y>= 7.53±1.24 | T_lyap(run)=  6.31 Myr | T_lyap(slope)=  1.00 Myr |  8.8 Myr/hr
  t= 23.50 Myr | <Y>= 7.73±1.26 | T_lyap(run)=  6.03 Myr | T_lyap(slope)=  0.96 Myr |  8.8 Myr/hr
  t= 23.75 Myr | <Y>= 7.92±1.28 | T_lyap(run)=  5.78 Myr | T_lyap(slope)=  0.94 Myr |  8.8 Myr/hr
  t= 24.00 Myr | <Y>= 8.12±1.29 | T_lyap(run)=  5.54 Myr | T_lyap(slope)=  0.91 Myr |  8.8 Myr/hr
  t= 24.25 Myr | <Y>= 8.31±1.31 | T_lyap(run)=  5.33 Myr | T_lyap(slope)=  0.90 Myr |  8.8 Myr/hr
  t= 24.50 Myr | <Y>= 8.49±1.32 | T_lyap(run)=  5.13 Myr | T_lyap(slope)=  0.87 Myr |  8.8 Myr/hr
  t= 24.75 Myr | <Y>= 8.68±1.34 | T_lyap(run)=  4.95 Myr | T_lyap(slope)=  0.86 Myr |  8.8 Myr/hr
  t= 25.00 Myr | <Y>= 8.87±1.35 | T_lyap(run)=  4.79 Myr | T_lyap(slope)=  0.84 Myr |  8.8 Myr/hr

Final inner-SS Lyapunov time (MEGNO slope): 0.84 Myr at 25.0 Myr integration  ->  outside 3-8 Myr vs Laskar ~5 Myr
Final ensemble ⟨Y⟩ = 8.87

